------------------------------------------------------------
TimeQuest Timing Analyzer Summary
------------------------------------------------------------

Type  : Slow 1200mV 85C Model Setup 'clk'
Slack : -3.682
TNS   : -192.706

Type  : Slow 1200mV 85C Model Setup 'ControlUnit:U1|Huddle:U2|clk_div[18]'
Slack : -1.103
TNS   : -14.112

Type  : Slow 1200mV 85C Model Setup 'ControlUnit:U1|space:U4|delay_clk[1]'
Slack : 0.084
TNS   : 0.000

Type  : Slow 1200mV 85C Model Hold 'clk'
Slack : -0.201
TNS   : -0.201

Type  : Slow 1200mV 85C Model Hold 'ControlUnit:U1|Huddle:U2|clk_div[18]'
Slack : 0.361
TNS   : 0.000

Type  : Slow 1200mV 85C Model Hold 'ControlUnit:U1|space:U4|delay_clk[1]'
Slack : 0.372
TNS   : 0.000

Type  : Slow 1200mV 85C Model Minimum Pulse Width 'clk'
Slack : -3.000
TNS   : -112.740

Type  : Slow 1200mV 85C Model Minimum Pulse Width 'ControlUnit:U1|space:U4|delay_clk[1]'
Slack : -1.000
TNS   : -32.000

Type  : Slow 1200mV 85C Model Minimum Pulse Width 'ControlUnit:U1|Huddle:U2|clk_div[18]'
Slack : -1.000
TNS   : -19.000

Type  : Slow 1200mV 0C Model Setup 'clk'
Slack : -3.146
TNS   : -161.821

Type  : Slow 1200mV 0C Model Setup 'ControlUnit:U1|Huddle:U2|clk_div[18]'
Slack : -0.873
TNS   : -10.539

Type  : Slow 1200mV 0C Model Setup 'ControlUnit:U1|space:U4|delay_clk[1]'
Slack : 0.193
TNS   : 0.000

Type  : Slow 1200mV 0C Model Hold 'clk'
Slack : -0.183
TNS   : -0.183

Type  : Slow 1200mV 0C Model Hold 'ControlUnit:U1|Huddle:U2|clk_div[18]'
Slack : 0.321
TNS   : 0.000

Type  : Slow 1200mV 0C Model Hold 'ControlUnit:U1|space:U4|delay_clk[1]'
Slack : 0.336
TNS   : 0.000

Type  : Slow 1200mV 0C Model Minimum Pulse Width 'clk'
Slack : -3.000
TNS   : -112.740

Type  : Slow 1200mV 0C Model Minimum Pulse Width 'ControlUnit:U1|space:U4|delay_clk[1]'
Slack : -1.000
TNS   : -32.000

Type  : Slow 1200mV 0C Model Minimum Pulse Width 'ControlUnit:U1|Huddle:U2|clk_div[18]'
Slack : -1.000
TNS   : -19.000

Type  : Fast 1200mV 0C Model Setup 'clk'
Slack : -1.641
TNS   : -69.067

Type  : Fast 1200mV 0C Model Setup 'ControlUnit:U1|Huddle:U2|clk_div[18]'
Slack : -0.167
TNS   : -0.685

Type  : Fast 1200mV 0C Model Setup 'ControlUnit:U1|space:U4|delay_clk[1]'
Slack : 0.484
TNS   : 0.000

Type  : Fast 1200mV 0C Model Hold 'clk'
Slack : -0.165
TNS   : -0.165

Type  : Fast 1200mV 0C Model Hold 'ControlUnit:U1|Huddle:U2|clk_div[18]'
Slack : 0.193
TNS   : 0.000

Type  : Fast 1200mV 0C Model Hold 'ControlUnit:U1|space:U4|delay_clk[1]'
Slack : 0.193
TNS   : 0.000

Type  : Fast 1200mV 0C Model Minimum Pulse Width 'clk'
Slack : -3.000
TNS   : -107.948

Type  : Fast 1200mV 0C Model Minimum Pulse Width 'ControlUnit:U1|space:U4|delay_clk[1]'
Slack : -1.000
TNS   : -32.000

Type  : Fast 1200mV 0C Model Minimum Pulse Width 'ControlUnit:U1|Huddle:U2|clk_div[18]'
Slack : -1.000
TNS   : -19.000

------------------------------------------------------------
